// Jest Snapshot v1, https://goo.gl/fbAQLP

exports[`Button Snapshot 1`] = `
<button
  className="text-wite bg-primary-400 before:bg-primary-200 hover:bg-primary-200 hover:text-primary-400 relative z-10 flex w-fit overflow-hidden rounded-full px-5 text-center font-bold leading-10 duration-200 ease-in-out before:absolute before:-left-0 before:-z-10 before:h-10 before:w-full before:-translate-x-full before:rounded-full before:duration-200 before:ease-in-out before:content-[\\"\\"] hover:duration-200 hover:ease-in-out hover:before:translate-x-0 active:scale-95"
  color="primary"
>
  Button
</button>
`;
